
Błędy do usunięcia
1. Form2
	1.1 Przy przeskakiwaniu kontrolek przy użyciu {TAB}, kontrolki przeskakują w odwrotną stronę.
	1.2 Przy lokalizacji (język), kontrolki nie dopasowują się rozmiarem i nachodzą na siebie.